// Jest Snapshot v1, https://goo.gl/fbAQLP

exports[`Should FavoritesList render correctly 1`] = `
<li
  className="favorites__locations-items"
>
  <div
    className="favorites__locations locations locations--current"
  >
    <div
      className="locations__item"
    >
      <a
        className="locations__item-link"
        href="#"
      >
        <span>
          Amsterdam
        </span>
      </a>
    </div>
  </div>
  <div
    className="favorites__places"
  >
    <article
      className="near-places__card place-card"
      onMouseOver={[Function]}
    >
      <div
        className="cities__image-wrapper place-card__image-wrapper"
      >
        <a
          href="/offer/1"
          onClick={[Function]}
        >
          <img
            alt="Place image"
            className="place-card__image"
            height="200"
            src="https://assets.htmlacademy.ru/intensives/javascript-3/hotel/14.jpg"
            width="260"
          />
        </a>
      </div>
      <div
        className="place-card__info"
      >
        <div
          className="place-card__price-wrapper"
        >
          <div
            className="place-card__price"
          >
            <b
              className="place-card__price-value"
            >
              €
              493
            </b>
            <span
              className="place-card__price-text"
            >
              / night
            </span>
          </div>
          <button
            className="place-card__bookmark-button--active button"
            onClick={[Function]}
            type="button"
          >
            <svg
              className="place-card__bookmark-icon"
              height="19"
              width="18"
            >
              <use
                xlinkHref="#icon-bookmark"
              />
            </svg>
            <span
              className="visually-hidden"
            >
              To bookmarks
            </span>
          </button>
        </div>
        <div
          className="place-card__rating rating"
        >
          <div
            className="place-card__stars rating__stars"
          >
            <span
              style={
                Object {
                  "width": "76%",
                }
              }
            />
            <span
              className="visually-hidden"
            >
              Rating
            </span>
          </div>
        </div>
        <h2
          className="place-card__name"
        >
          <a
            href="/offer/1"
            onClick={[Function]}
          >
            The house among olive 
          </a>
        </h2>
        <p
          className="place-card__type"
        >
          house
        </p>
      </div>
    </article>
  </div>
</li>
`;
